  acpi-support                                                                  
  alsa-base                                                                     
  alsa-utils                                                                    
  bash-completion                                                               
  ca-certificates                                                               
  command-not-found                                                             
  cups                                                                          
  dmz-cursor-theme                                                              
  doc-base                                                                      
  evince                                                                        
  firefox                                                                       
  gcalctool                                                                     
  gigolo                                                                        
  gtk2-engines                                                                  
  gtk2-engines-pixbuf                                                           
  gvfs-backends                                                                 
  gvfs-bin                                                                      
  gvfs-fuse                                                                     
  irqbalance                                                                    
  kerneloops-daemon                                                             
  libpam-gnome-keyring                                                          
  linux-generic                                                                 
  linux-headers-generic                                                         
  manpages                                                                      
  mlocate                                                                       
  network-manager-gnome                                                         
  ntfs-3g                                                                       
  openssh-client                                                                
  orage                                                                         
  pidgin                                                                        
  pidgin-libnotify                                                              
  plymouth-theme-ubuntu-text                                                    
  plymouth-theme-xubuntu-logo                                                   
  plymouth-theme-xubuntu-text                                                   
  rfkill                                                                        
  smbclient                                                                     
  system-config-printer-gnome                                                   
  telnet                                                                        
  thunar                                                                        
  thunar-archive-plugin                                                         
  thunar-media-tags-plugin                                                      
  thunar-volman                                                                 
  thunderbird                                                                   
  tumbler                                                                       
  ubuntu-minimal                                                                
  ubuntu-standard                                                               
  unzip                                                                         
  usb-creator-gtk                                                               
  usbutils                                                                      
  wireless-tools                                                                
  wpasupplicant                                                                 
  xcursor-themes                                                                
  xdg-utils                                                                     
  xfce4-cpugraph-plugin                                                         
  xfce4-mixer                                                                   
  xfce4-netload-plugin                                                          
  xfce4-notifyd                                                                 
  xfce4-panel                                                                   
  xfce4-power-manager                                                           
  xfce4-session                                                                 
  xfce4-systemload-plugin                                                       
  xfce4-taskmanager                                                             
  xfce4-utils                                                                   
  xfce4-xkb-plugin                                                              
  xfdesktop4                                                                    
  xfwm4                                                                         
  xorg                                                                          
  xubuntu-artwork                                                               
  xubuntu-default-settings                                                      
  xubuntu-icon-theme                                                            
  yelp                                                                          
  zenity                                                                        
  zip                                                                           
